F:\mydata\program\EedeWin\Eede\Eede.Domain.Tests\bin\Debug\net8.0-windows\Eede.Domain.Tests.dll (.NETCoreApp,Version=v8.0) 縺ｮ繝・せ繝亥ｮ溯｡・
VSTest 縺ｮ繝舌・繧ｸ繝ｧ繝ｳ 17.14.1 (x64)

繝・せ繝亥ｮ溯｡後ｒ髢句ｧ九＠縺ｦ縺・∪縺吶ゅ♀蠕・■縺上□縺輔＞...
蜷郁ｨ・1 蛟九・繝・せ繝・繝輔ぃ繧､繝ｫ縺梧欠螳壹＆繧後◆繝代ち繝ｼ繝ｳ縺ｨ荳閾ｴ縺励∪縺励◆縲・

謌仙粥!   -螟ｱ謨・     0縲∝粋譬ｼ:    87縲√せ繧ｭ繝・・:     0縲∝粋險・    87縲∵悄髢・ 262 ms - Eede.Domain.Tests.dll (net8.0)
